// Jest Snapshot v1, https://goo.gl/fbAQLP

exports[`PostData render with post data 1`] = `
Object {
  "asFragment": [Function],
  "baseElement": <body>
    <div>
      <div
        class="root__post"
      >
        <div
          class="root__header"
        >
          <div
            class="root__post_author"
          >
            <span
              class="root__post_author_tags"
            >
              one
            </span>
            <span
              class="root__post_author_tags"
            >
              two
            </span>
          </div>
          <div
            class="root__post_author"
          >
            Автор: 
            Jake
          </div>
        </div>
        <h2
          class="root__post_title"
        >
          ANIME
        </h2>
        <div
          class="root__post_content"
        >
          Lorem ipsum dolor sit, amet consectetur adipisicing elit. In quisquam 
    accusamus reiciendis neque itaque nam, vel tenetur sit perspiciatis doloremque 
    voluptatibus ex rem non officia aut nulla corporis, dicta ducimus.
        </div>
      </div>
    </div>
  </body>,
  "container": <div>
    <div
      class="root__post"
    >
      <div
        class="root__header"
      >
        <div
          class="root__post_author"
        >
          <span
            class="root__post_author_tags"
          >
            one
          </span>
          <span
            class="root__post_author_tags"
          >
            two
          </span>
        </div>
        <div
          class="root__post_author"
        >
          Автор: 
          Jake
        </div>
      </div>
      <h2
        class="root__post_title"
      >
        ANIME
      </h2>
      <div
        class="root__post_content"
      >
        Lorem ipsum dolor sit, amet consectetur adipisicing elit. In quisquam 
    accusamus reiciendis neque itaque nam, vel tenetur sit perspiciatis doloremque 
    voluptatibus ex rem non officia aut nulla corporis, dicta ducimus.
      </div>
    </div>
  </div>,
  "debug": [Function],
  "findAllByAltText": [Function],
  "findAllByDisplayValue": [Function],
  "findAllByLabelText": [Function],
  "findAllByPlaceholderText": [Function],
  "findAllByRole": [Function],
  "findAllByTestId": [Function],
  "findAllByText": [Function],
  "findAllByTitle": [Function],
  "findByAltText": [Function],
  "findByDisplayValue": [Function],
  "findByLabelText": [Function],
  "findByPlaceholderText": [Function],
  "findByRole": [Function],
  "findByTestId": [Function],
  "findByText": [Function],
  "findByTitle": [Function],
  "getAllByAltText": [Function],
  "getAllByDisplayValue": [Function],
  "getAllByLabelText": [Function],
  "getAllByPlaceholderText": [Function],
  "getAllByRole": [Function],
  "getAllByTestId": [Function],
  "getAllByText": [Function],
  "getAllByTitle": [Function],
  "getByAltText": [Function],
  "getByDisplayValue": [Function],
  "getByLabelText": [Function],
  "getByPlaceholderText": [Function],
  "getByRole": [Function],
  "getByTestId": [Function],
  "getByText": [Function],
  "getByTitle": [Function],
  "queryAllByAltText": [Function],
  "queryAllByDisplayValue": [Function],
  "queryAllByLabelText": [Function],
  "queryAllByPlaceholderText": [Function],
  "queryAllByRole": [Function],
  "queryAllByTestId": [Function],
  "queryAllByText": [Function],
  "queryAllByTitle": [Function],
  "queryByAltText": [Function],
  "queryByDisplayValue": [Function],
  "queryByLabelText": [Function],
  "queryByPlaceholderText": [Function],
  "queryByRole": [Function],
  "queryByTestId": [Function],
  "queryByText": [Function],
  "queryByTitle": [Function],
  "rerender": [Function],
  "unmount": [Function],
}
`;
